ARM Linker, 5.03 [Build 76] [MDK-ARM Lite]

==============================================================================

Section Cross References

    startup.o(STACK) refers (Special) to heapauxi.o(.text) for __use_two_region_memory
    startup.o(HEAP) refers (Special) to heapauxi.o(.text) for __use_two_region_memory
    startup.o(RESET) refers (Special) to heapauxi.o(.text) for __use_two_region_memory
    startup.o(RESET) refers to startup.o(STACK) for StackMem
    startup.o(RESET) refers to texas.o(i.Timer4A_Handler) for Timer4A_Handler
    startup.o(RESET) refers to texas.o(i.Timer5A_Handler) for Timer5A_Handler
    startup.o(RESET) refers to __main.o(!!!main) for __main
    startup.o(.text) refers (Special) to heapauxi.o(.text) for __use_two_region_memory
    startup.o(.text) refers to startup.o(HEAP) for HeapMem
    startup.o(.text) refers to startup.o(STACK) for StackMem
    lab6.o(i.main) refers to texas.o(i.TExaS_Init) for TExaS_Init
    lab6.o(i.main) refers to piano.o(i.Piano_Init) for Piano_Init
    lab6.o(i.main) refers to sound.o(i.Sound_Init) for Sound_Init
    lab6.o(i.main) refers to startup.o(.text) for EnableInterrupts
    texas.o(i.ADC1_In) refers to texas.o(.data) for Last16ADCindex
    texas.o(i.ADC1_In) refers to texas.o(.bss) for Last16ADCresults
    texas.o(i.Decrypt) refers to texas.o(.bss) for EncriptedMagicCode
    texas.o(i.Decrypt) refers to texas.o(.constdata) for DeScramble
    texas.o(i.Encrypt) refers to texas.o(i.SetCode) for SetCode
    texas.o(i.Encrypt) refers to texas.o(.bss) for MagicCode
    texas.o(i.Encrypt) refers to texas.o(.constdata) for Key
    texas.o(i.SetCode) refers to texas.o(.bss) for TExaS
    texas.o(i.SetCourse) refers to texas.o(.bss) for TExaS
    texas.o(i.SetGrade) refers to texas.o(i.Encrypt) for Encrypt
    texas.o(i.SetGrade) refers to texas.o(.bss) for MagicCode
    texas.o(i.SetMode) refers to texas.o(.bss) for TExaS
    texas.o(i.SpecialBGTest_End) refers to startup.o(.text) for DisableInterrupts
    texas.o(i.SpecialBGTest_End) refers to texas.o(.data) for TExaS_Period
    texas.o(i.SpecialBGTest_End) refers to texas.o(.bss) for Last16ADCresults
    texas.o(i.SpecialBGTest_End) refers to texas.o(.constdata) for RMULTIPLIERS
    texas.o(i.SpecialBGTest_Start) refers to startup.o(.text) for DisableInterrupts
    texas.o(i.SpecialBGTest_Start) refers to texas.o(.data) for OldADC1EMUX
    texas.o(i.StartTimer4) refers to texas.o(.data) for ScopeCount
    texas.o(i.TExaS_Init) refers to texas.o(i.PLL_Init) for PLL_Init
    texas.o(i.TExaS_Init) refers to texas.o(i.SetCourse) for SetCourse
    texas.o(i.TExaS_Init) refers to texas.o(i.SetCode) for SetCode
    texas.o(i.TExaS_Init) refers to texas.o(i.UART_Init) for UART_Init
    texas.o(i.TExaS_Init) refers to texas.o(i.ADC1_Init) for ADC1_Init
    texas.o(i.TExaS_Init) refers to texas.o(.constdata) for IntroMsg
    texas.o(i.TExaS_Init) refers to texas.o(.bss) for TExaS
    texas.o(i.TExaS_Init) refers to texas.o(.data) for LastMode
    texas.o(i.Timer5A_Handler) refers to texas.o(i.ADC1_In) for ADC1_In
    texas.o(i.Timer5A_Handler) refers to texas.o(i.StopTimer4) for StopTimer4
    texas.o(i.Timer5A_Handler) refers to texas.o(i.SetGrade) for SetGrade
    texas.o(i.Timer5A_Handler) refers to texas.o(i.StartTimer4) for StartTimer4
    texas.o(i.Timer5A_Handler) refers to texas.o(i.SpecialBGTest_Start) for SpecialBGTest_Start
    texas.o(i.Timer5A_Handler) refers to texas.o(i.SpecialBGTest_End) for SpecialBGTest_End
    texas.o(i.Timer5A_Handler) refers to texas.o(.data) for TExaS_Meter
    texas.o(i.Timer5A_Handler) refers to texas.o(.bss) for TExaS
    texas.o(i.Timer5A_Handler) refers to texas.o(.constdata) for BlankMsg
    __main.o(!!!main) refers to rtentry.o(.ARM.Collect$$rtentry$$00000000) for __rt_entry
    rtentry.o(.ARM.Collect$$rtentry$$00000000) refers (Special) to rtentry2.o(.ARM.Collect$$rtentry$$0000000A) for __rt_entry_li
    rtentry.o(.ARM.Collect$$rtentry$$00000000) refers (Special) to rtentry2.o(.ARM.Collect$$rtentry$$0000000D) for __rt_entry_main
    rtentry.o(.ARM.Collect$$rtentry$$00000000) refers (Special) to rtentry2.o(.ARM.Collect$$rtentry$$0000000C) for __rt_entry_postli_1
    rtentry.o(.ARM.Collect$$rtentry$$00000000) refers (Special) to rtentry2.o(.ARM.Collect$$rtentry$$00000009) for __rt_entry_postsh_1
    rtentry.o(.ARM.Collect$$rtentry$$00000000) refers (Special) to rtentry2.o(.ARM.Collect$$rtentry$$00000002) for __rt_entry_presh_1
    rtentry.o(.ARM.Collect$$rtentry$$00000000) refers (Special) to rtentry4.o(.ARM.Collect$$rtentry$$00000004) for __rt_entry_sh
    rtentry2.o(.ARM.Collect$$rtentry$$00000008) refers to boardinit2.o(.text) for _platform_post_stackheap_init
    rtentry2.o(.ARM.Collect$$rtentry$$0000000A) refers to libinit.o(.ARM.Collect$$libinit$$00000000) for __rt_lib_init
    rtentry2.o(.ARM.Collect$$rtentry$$0000000B) refers to boardinit3.o(.text) for _platform_post_lib_init
    rtentry2.o(.ARM.Collect$$rtentry$$0000000D) refers to lab6.o(i.main) for main
    rtentry2.o(.ARM.Collect$$rtentry$$0000000D) refers to exit.o(.text) for exit
    rtentry2.o(.ARM.exidx) refers to rtentry2.o(.ARM.Collect$$rtentry$$00000001) for .ARM.Collect$$rtentry$$00000001
    rtentry2.o(.ARM.exidx) refers to rtentry2.o(.ARM.Collect$$rtentry$$00000008) for .ARM.Collect$$rtentry$$00000008
    rtentry2.o(.ARM.exidx) refers to rtentry2.o(.ARM.Collect$$rtentry$$0000000A) for .ARM.Collect$$rtentry$$0000000A
    rtentry2.o(.ARM.exidx) refers to rtentry2.o(.ARM.Collect$$rtentry$$0000000B) for .ARM.Collect$$rtentry$$0000000B
    rtentry2.o(.ARM.exidx) refers to rtentry2.o(.ARM.Collect$$rtentry$$0000000D) for .ARM.Collect$$rtentry$$0000000D
    rtentry4.o(.ARM.Collect$$rtentry$$00000004) refers to sys_stackheap_outer.o(.text) for __user_setup_stackheap
    rtentry4.o(.ARM.exidx) refers to rtentry4.o(.ARM.Collect$$rtentry$$00000004) for .ARM.Collect$$rtentry$$00000004
    sys_stackheap_outer.o(.text) refers to libspace.o(.text) for __user_perproc_libspace
    sys_stackheap_outer.o(.text) refers to startup.o(.text) for __user_initial_stackheap
    exit.o(.text) refers to rtexit.o(.ARM.Collect$$rtexit$$00000000) for __rt_exit
    libinit.o(.ARM.Collect$$libinit$$00000000) refers (Special) to libinit2.o(.ARM.Collect$$libinit$$0000002C) for __rt_lib_init_alloca_1
    libinit.o(.ARM.Collect$$libinit$$00000000) refers (Special) to libinit2.o(.ARM.Collect$$libinit$$0000002A) for __rt_lib_init_argv_1
    libinit.o(.ARM.Collect$$libinit$$00000000) refers (Special) to libinit2.o(.ARM.Collect$$libinit$$00000019) for __rt_lib_init_atexit_1
    libinit.o(.ARM.Collect$$libinit$$00000000) refers (Special) to libinit2.o(.ARM.Collect$$libinit$$0000001F) for __rt_lib_init_clock_1
    libinit.o(.ARM.Collect$$libinit$$00000000) refers (Special) to libinit2.o(.ARM.Collect$$libinit$$00000030) for __rt_lib_init_cpp_1
    libinit.o(.ARM.Collect$$libinit$$00000000) refers (Special) to libinit2.o(.ARM.Collect$$libinit$$0000002E) for __rt_lib_init_exceptions_1
    libinit.o(.ARM.Collect$$libinit$$00000000) refers (Special) to libinit2.o(.ARM.Collect$$libinit$$00000002) for __rt_lib_init_fp_1
    libinit.o(.ARM.Collect$$libinit$$00000000) refers (Special) to libinit2.o(.ARM.Collect$$libinit$$0000001D) for __rt_lib_init_fp_trap_1
    libinit.o(.ARM.Collect$$libinit$$00000000) refers (Special) to libinit2.o(.ARM.Collect$$libinit$$00000021) for __rt_lib_init_getenv_1
    libinit.o(.ARM.Collect$$libinit$$00000000) refers (Special) to libinit2.o(.ARM.Collect$$libinit$$00000008) for __rt_lib_init_heap_1
    libinit.o(.ARM.Collect$$libinit$$00000000) refers (Special) to libinit2.o(.ARM.Collect$$libinit$$0000000F) for __rt_lib_init_lc_collate_1
    libinit.o(.ARM.Collect$$libinit$$00000000) refers (Special) to libinit2.o(.ARM.Collect$$libinit$$00000011) for __rt_lib_init_lc_ctype_1
    libinit.o(.ARM.Collect$$libinit$$00000000) refers (Special) to libinit2.o(.ARM.Collect$$libinit$$00000013) for __rt_lib_init_lc_monetary_1
    libinit.o(.ARM.Collect$$libinit$$00000000) refers (Special) to libinit2.o(.ARM.Collect$$libinit$$00000015) for __rt_lib_init_lc_numeric_1
    libinit.o(.ARM.Collect$$libinit$$00000000) refers (Special) to libinit2.o(.ARM.Collect$$libinit$$00000017) for __rt_lib_init_lc_time_1
    libinit.o(.ARM.Collect$$libinit$$00000000) refers (Special) to libinit2.o(.ARM.Collect$$libinit$$0000000C) for __rt_lib_init_rand_1
    libinit.o(.ARM.Collect$$libinit$$00000000) refers (Special) to libinit2.o(.ARM.Collect$$libinit$$00000031) for __rt_lib_init_return
    libinit.o(.ARM.Collect$$libinit$$00000000) refers (Special) to libinit2.o(.ARM.Collect$$libinit$$0000001B) for __rt_lib_init_signal_1
    libinit.o(.ARM.Collect$$libinit$$00000000) refers (Special) to libinit2.o(.ARM.Collect$$libinit$$00000023) for __rt_lib_init_stdio_1
    libinit.o(.ARM.Collect$$libinit$$00000000) refers (Special) to libinit2.o(.ARM.Collect$$libinit$$0000000A) for __rt_lib_init_user_alloc_1
    libspace.o(.text) refers to libspace.o(.bss) for __libspace_start
    rtexit.o(.ARM.Collect$$rtexit$$00000000) refers (Special) to rtexit2.o(.ARM.Collect$$rtexit$$00000004) for __rt_exit_exit
    rtexit.o(.ARM.Collect$$rtexit$$00000000) refers (Special) to rtexit2.o(.ARM.Collect$$rtexit$$00000003) for __rt_exit_ls
    rtexit.o(.ARM.Collect$$rtexit$$00000000) refers (Special) to rtexit2.o(.ARM.Collect$$rtexit$$00000002) for __rt_exit_prels_1
    rtexit.o(.ARM.exidx) refers (Special) to rtexit2.o(.ARM.Collect$$rtexit$$00000004) for __rt_exit_exit
    rtexit.o(.ARM.exidx) refers (Special) to rtexit2.o(.ARM.Collect$$rtexit$$00000003) for __rt_exit_ls
    rtexit.o(.ARM.exidx) refers (Special) to rtexit2.o(.ARM.Collect$$rtexit$$00000002) for __rt_exit_prels_1
    rtexit.o(.ARM.exidx) refers to rtexit.o(.ARM.Collect$$rtexit$$00000000) for .ARM.Collect$$rtexit$$00000000
    libinit2.o(.ARM.Collect$$libinit$$0000000E) refers to libinit2.o(.ARM.Collect$$libinit$$0000000D) for .ARM.Collect$$libinit$$0000000D
    libinit2.o(.ARM.Collect$$libinit$$00000010) refers to libinit2.o(.ARM.Collect$$libinit$$0000000D) for .ARM.Collect$$libinit$$0000000D
    libinit2.o(.ARM.Collect$$libinit$$00000012) refers to libinit2.o(.ARM.Collect$$libinit$$0000000D) for .ARM.Collect$$libinit$$0000000D
    libinit2.o(.ARM.Collect$$libinit$$00000014) refers to libinit2.o(.ARM.Collect$$libinit$$0000000D) for .ARM.Collect$$libinit$$0000000D
    libinit2.o(.ARM.Collect$$libinit$$00000016) refers to libinit2.o(.ARM.Collect$$libinit$$0000000D) for .ARM.Collect$$libinit$$0000000D
    libinit2.o(.ARM.Collect$$libinit$$00000024) refers to argv_veneer.o(.emb_text) for __ARM_argv_veneer
    libinit2.o(.ARM.Collect$$libinit$$00000025) refers to argv_veneer.o(.emb_text) for __ARM_argv_veneer
    rtexit2.o(.ARM.Collect$$rtexit$$00000003) refers to libshutdown.o(.ARM.Collect$$libshutdown$$00000000) for __rt_lib_shutdown
    rtexit2.o(.ARM.Collect$$rtexit$$00000004) refers to sys_exit.o(.text) for _sys_exit
    rtexit2.o(.ARM.exidx) refers to rtexit2.o(.ARM.Collect$$rtexit$$00000001) for .ARM.Collect$$rtexit$$00000001
    rtexit2.o(.ARM.exidx) refers to rtexit2.o(.ARM.Collect$$rtexit$$00000003) for .ARM.Collect$$rtexit$$00000003
    rtexit2.o(.ARM.exidx) refers to rtexit2.o(.ARM.Collect$$rtexit$$00000004) for .ARM.Collect$$rtexit$$00000004
    argv_veneer.o(.emb_text) refers to no_argv.o(.text) for __ARM_get_argv
    sys_exit.o(.text) refers (Special) to use_no_semi.o(.text) for __I$use$semihosting
    sys_exit.o(.text) refers (Special) to indicate_semi.o(.text) for __semihosting_library_function
    _get_argv_nomalloc.o(.text) refers (Special) to hrguard.o(.text) for __heap_region$guard
    _get_argv_nomalloc.o(.text) refers to defsig_rtmem_outer.o(.text) for __rt_SIGRTMEM
    _get_argv_nomalloc.o(.text) refers to sys_command.o(.text) for _sys_command_string
    libshutdown.o(.ARM.Collect$$libshutdown$$00000000) refers (Special) to libshutdown2.o(.ARM.Collect$$libshutdown$$00000006) for __rt_lib_shutdown_fp_trap_1
    libshutdown.o(.ARM.Collect$$libshutdown$$00000000) refers (Special) to libshutdown2.o(.ARM.Collect$$libshutdown$$0000000E) for __rt_lib_shutdown_heap_1
    libshutdown.o(.ARM.Collect$$libshutdown$$00000000) refers (Special) to libshutdown2.o(.ARM.Collect$$libshutdown$$0000000F) for __rt_lib_shutdown_return
    libshutdown.o(.ARM.Collect$$libshutdown$$00000000) refers (Special) to libshutdown2.o(.ARM.Collect$$libshutdown$$00000009) for __rt_lib_shutdown_signal_1
    libshutdown.o(.ARM.Collect$$libshutdown$$00000000) refers (Special) to libshutdown2.o(.ARM.Collect$$libshutdown$$00000003) for __rt_lib_shutdown_stdio_1
    libshutdown.o(.ARM.Collect$$libshutdown$$00000000) refers (Special) to libshutdown2.o(.ARM.Collect$$libshutdown$$0000000B) for __rt_lib_shutdown_user_alloc_1
    sys_command.o(.text) refers (Special) to use_no_semi.o(.text) for __I$use$semihosting
    sys_command.o(.text) refers (Special) to indicate_semi.o(.text) for __semihosting_library_function
    defsig_rtmem_outer.o(.text) refers to defsig_rtmem_inner.o(.text) for __rt_SIGRTMEM_inner
    defsig_rtmem_outer.o(.text) refers to defsig_exit.o(.text) for __sig_exit
    defsig_rtmem_formal.o(.text) refers to rt_raise.o(.text) for __rt_raise
    rt_raise.o(.text) refers to __raise.o(.text) for __raise
    rt_raise.o(.text) refers to sys_exit.o(.text) for _sys_exit
    defsig_exit.o(.text) refers to sys_exit.o(.text) for _sys_exit
    defsig_rtmem_inner.o(.text) refers to defsig_general.o(.text) for __default_signal_display
    __raise.o(.text) refers to defsig.o(CL$$defsig) for __default_signal_handler
    defsig_general.o(.text) refers to sys_wrch.o(.text) for _ttywrch
    sys_wrch.o(.text) refers (Special) to use_no_semi.o(.text) for __I$use$semihosting
    sys_wrch.o(.text) refers (Special) to indicate_semi.o(.text) for __semihosting_library_function
    defsig.o(CL$$defsig) refers to defsig_rtmem_inner.o(.text) for __rt_SIGRTMEM_inner
    defsig_abrt_inner.o(.text) refers to defsig_general.o(.text) for __default_signal_display
    defsig_fpe_inner.o(.text) refers to defsig_general.o(.text) for __default_signal_display
    defsig_rtred_inner.o(.text) refers to defsig_general.o(.text) for __default_signal_display
    defsig_stak_inner.o(.text) refers to defsig_general.o(.text) for __default_signal_display
    defsig_pvfn_inner.o(.text) refers to defsig_general.o(.text) for __default_signal_display
    defsig_cppl_inner.o(.text) refers to defsig_general.o(.text) for __default_signal_display
    defsig_segv_inner.o(.text) refers to defsig_general.o(.text) for __default_signal_display
    defsig_other.o(.text) refers to defsig_general.o(.text) for __default_signal_display


==============================================================================

Removing Unused input sections from the image.

    Removing sound.o(i.Sound_Play), (2 bytes).
    Removing piano.o(i.Piano_In), (4 bytes).
    Removing dac.o(i.DAC_Init), (88 bytes).
    Removing dac.o(i.DAC_Out), (2 bytes).
    Removing texas.o(i.Decrypt), (92 bytes).
    Removing texas.o(i.PortD2_Init), (124 bytes).
    Removing texas.o(i.SetMode), (24 bytes).
    Removing texas.o(i.TExaS_Stop), (28 bytes).
    Removing texas.o(i.UART_InChar), (24 bytes).
    Removing texas.o(i.UART_InCharNonBlocking), (28 bytes).
    Removing texas.o(i.UART_OutChar), (24 bytes).
    Removing texas.o(i.UART_OutCharNonBlock), (12 bytes).
    Removing texas.o(i.copy), (18 bytes).

13 unused section(s) (total 470 bytes) removed from the image.

==============================================================================

Memory Map of the image

  Image Entry point : 0x00000000

  Load Region LR_1 (Base: 0x00000000, Size: 0x00003bac, Max: 0xffffffff, ABSOLUTE)

    Execution Region ER_RO (Base: 0x00000000, Size: 0x00003b60, Max: 0xffffffff, ABSOLUTE)

    Base Addr    Size         Type   Attr      Idx    E Section Name        Object

    0x00000000   0x00000284   Code   RO            3  * RESET               startup.o
    0x00000284   0x00000008   Code   RO          258  * !!!main             c_w.l(__main.o)
    0x0000028c   0x00000002   Code   RO          285    .ARM.Collect$$libinit$$00000000  c_w.l(libinit.o)
    0x0000028e   0x00000000   Code   RO          292    .ARM.Collect$$libinit$$00000002  c_w.l(libinit2.o)
    0x0000028e   0x00000000   Code   RO          295    .ARM.Collect$$libinit$$00000008  c_w.l(libinit2.o)
    0x0000028e   0x00000000   Code   RO          297    .ARM.Collect$$libinit$$0000000A  c_w.l(libinit2.o)
    0x0000028e   0x00000000   Code   RO          299    .ARM.Collect$$libinit$$0000000C  c_w.l(libinit2.o)
    0x0000028e   0x00000000   Code   RO          302    .ARM.Collect$$libinit$$0000000F  c_w.l(libinit2.o)
    0x0000028e   0x00000000   Code   RO          304    .ARM.Collect$$libinit$$00000011  c_w.l(libinit2.o)
    0x0000028e   0x00000000   Code   RO          306    .ARM.Collect$$libinit$$00000013  c_w.l(libinit2.o)
    0x0000028e   0x00000000   Code   RO          308    .ARM.Collect$$libinit$$00000015  c_w.l(libinit2.o)
    0x0000028e   0x00000000   Code   RO          310    .ARM.Collect$$libinit$$00000017  c_w.l(libinit2.o)
    0x0000028e   0x00000000   Code   RO          312    .ARM.Collect$$libinit$$00000019  c_w.l(libinit2.o)
    0x0000028e   0x00000000   Code   RO          314    .ARM.Collect$$libinit$$0000001B  c_w.l(libinit2.o)
    0x0000028e   0x00000000   Code   RO          316    .ARM.Collect$$libinit$$0000001D  c_w.l(libinit2.o)
    0x0000028e   0x00000000   Code   RO          318    .ARM.Collect$$libinit$$0000001F  c_w.l(libinit2.o)
    0x0000028e   0x00000000   Code   RO          320    .ARM.Collect$$libinit$$00000021  c_w.l(libinit2.o)
    0x0000028e   0x00000000   Code   RO          322    .ARM.Collect$$libinit$$00000023  c_w.l(libinit2.o)
    0x0000028e   0x00000000   Code   RO          326    .ARM.Collect$$libinit$$0000002A  c_w.l(libinit2.o)
    0x0000028e   0x00000000   Code   RO          328    .ARM.Collect$$libinit$$0000002C  c_w.l(libinit2.o)
    0x0000028e   0x00000000   Code   RO          330    .ARM.Collect$$libinit$$0000002E  c_w.l(libinit2.o)
    0x0000028e   0x00000000   Code   RO          332    .ARM.Collect$$libinit$$00000030  c_w.l(libinit2.o)
    0x0000028e   0x00000002   Code   RO          333    .ARM.Collect$$libinit$$00000031  c_w.l(libinit2.o)
    0x00000290   0x00000002   Code   RO          353    .ARM.Collect$$libshutdown$$00000000  c_w.l(libshutdown.o)
    0x00000292   0x00000000   Code   RO          367    .ARM.Collect$$libshutdown$$00000003  c_w.l(libshutdown2.o)
    0x00000292   0x00000000   Code   RO          370    .ARM.Collect$$libshutdown$$00000006  c_w.l(libshutdown2.o)
    0x00000292   0x00000000   Code   RO          373    .ARM.Collect$$libshutdown$$00000009  c_w.l(libshutdown2.o)
    0x00000292   0x00000000   Code   RO          375    .ARM.Collect$$libshutdown$$0000000B  c_w.l(libshutdown2.o)
    0x00000292   0x00000000   Code   RO          378    .ARM.Collect$$libshutdown$$0000000E  c_w.l(libshutdown2.o)
    0x00000292   0x00000002   Code   RO          379    .ARM.Collect$$libshutdown$$0000000F  c_w.l(libshutdown2.o)
    0x00000294   0x00000000   Code   RO          260    .ARM.Collect$$rtentry$$00000000  c_w.l(rtentry.o)
    0x00000294   0x00000000   Code   RO          262    .ARM.Collect$$rtentry$$00000002  c_w.l(rtentry2.o)
    0x00000294   0x00000006   Code   RO          274    .ARM.Collect$$rtentry$$00000004  c_w.l(rtentry4.o)
    0x0000029a   0x00000000   Code   RO          264    .ARM.Collect$$rtentry$$00000009  c_w.l(rtentry2.o)
    0x0000029a   0x00000004   Code   RO          265    .ARM.Collect$$rtentry$$0000000A  c_w.l(rtentry2.o)
    0x0000029e   0x00000000   Code   RO          267    .ARM.Collect$$rtentry$$0000000C  c_w.l(rtentry2.o)
    0x0000029e   0x00000008   Code   RO          268    .ARM.Collect$$rtentry$$0000000D  c_w.l(rtentry2.o)
    0x000002a6   0x00000002   Code   RO          289    .ARM.Collect$$rtexit$$00000000  c_w.l(rtexit.o)
    0x000002a8   0x00000000   Code   RO          335    .ARM.Collect$$rtexit$$00000002  c_w.l(rtexit2.o)
    0x000002a8   0x00000004   Code   RO          336    .ARM.Collect$$rtexit$$00000003  c_w.l(rtexit2.o)
    0x000002ac   0x00000006   Code   RO          337    .ARM.Collect$$rtexit$$00000004  c_w.l(rtexit2.o)
    0x000002b2   0x00000002   PAD
    0x000002b4   0x00000030   Code   RO            4    .text               startup.o
    0x000002e4   0x00000006   Code   RO          256    .text               c_w.l(heapauxi.o)
    0x000002ea   0x0000004a   Code   RO          276    .text               c_w.l(sys_stackheap_outer.o)
    0x00000334   0x0000000c   Code   RO          278    .text               c_w.l(exit.o)
    0x00000340   0x00000008   Code   RO          286    .text               c_w.l(libspace.o)
    0x00000348   0x0000000c   Code   RO          345    .text               c_w.l(sys_exit.o)
    0x00000354   0x00000002   Code   RO          356    .text               c_w.l(use_no_semi.o)
    0x00000356   0x00000000   Code   RO          358    .text               c_w.l(indicate_semi.o)
    0x00000356   0x00000002   PAD
    0x00000358   0x00000044   Code   RO           98    i.ADC1_In           texas.o
    0x0000039c   0x000000d4   Code   RO           99    i.ADC1_Init         texas.o
    0x00000470   0x0000006c   Code   RO          101    i.Encrypt           texas.o
    0x000004dc   0x0000007c   Code   RO          102    i.PLL_Init          texas.o
    0x00000558   0x00000002   Code   RO           41    i.Piano_Init        piano.o
    0x0000055a   0x00000002   PAD
    0x0000055c   0x00000018   Code   RO          104    i.SetCode           texas.o
    0x00000574   0x00000018   Code   RO          105    i.SetCourse         texas.o
    0x0000058c   0x000000cc   Code   RO          106    i.SetGrade          texas.o
    0x00000658   0x00000002   Code   RO           12    i.Sound_Init        sound.o
    0x0000065a   0x00000002   PAD
    0x0000065c   0x00000340   Code   RO          108    i.SpecialBGTest_End  texas.o
    0x0000099c   0x000000e8   Code   RO          109    i.SpecialBGTest_Start  texas.o
    0x00000a84   0x00000024   Code   RO          110    i.StartTimer4       texas.o
    0x00000aa8   0x00000018   Code   RO          111    i.StopTimer4        texas.o
    0x00000ac0   0x000001f4   Code   RO          112    i.TExaS_Init        texas.o
    0x00000cb4   0x00000020   Code   RO          114    i.Timer4A_Handler   texas.o
    0x00000cd4   0x00000874   Code   RO          115    i.Timer5A_Handler   texas.o
    0x00001548   0x00000098   Code   RO          118    i.UART_Init         texas.o
    0x000015e0   0x00000026   Code   RO           80    i.main              lab6.o
    0x00001606   0x00000002   PAD
    0x00001608   0x00002558   Data   RO          123    .constdata          texas.o
    0x00003b60   0x00000000   Data   RO          410    Region$$Table       anon$$obj.o


    Execution Region ER_RW (Base: 0x20000000, Size: 0x0000004c, Max: 0xffffffff, ABSOLUTE)

    Base Addr    Size         Type   Attr      Idx    E Section Name        Object

    0x20000000   0x0000004c   Data   RW          124    .data               texas.o


    Execution Region ER_ZI (Base: 0x2000004c, Size: 0x0000071c, Max: 0xffffffff, ABSOLUTE)

    Base Addr    Size         Type   Attr      Idx    E Section Name        Object

    0x2000004c   0x00000004   PAD
    0x20000050   0x000002b4   Zero   RW          122    .bss                texas.o
    0x20000304   0x00000060   Zero   RW          287    .bss                c_w.l(libspace.o)
    0x20000364   0x00000004   PAD
    0x20000368   0x00000000   Zero   RW            2    HEAP                startup.o
    0x20000368   0x00000400   Zero   RW            1    STACK               startup.o

